======================================================================
STARTING ORANGE PI 5 PLUS BENCHMARK RUN
Timestamp: 2026-10-02 02:31:56 CST
Host: orangepi5plus | Kernel: 6.1.99-rockchip-rk3588 | Arch: aarch64
======================================================================

Baseline Idle Temperature: 52.7°C

----------------------------------------------------------------------
[1/4] Running 7-Zip CPU Benchmark (p7zip MIPS)...
----------------------------------------------------------------------
-> Single-threaded 7-Zip Benchmark...
   Single-Core Rating: 2831 MIPS
-> Multi-threaded (8 cores) 7-Zip Benchmark...
   Multi-Core (8T) Rating: 13015 MIPS
   CPU Temp after 7-Zip: 74.8°C

----------------------------------------------------------------------
[2/4] Running Sysbench CPU Benchmark...
----------------------------------------------------------------------
   Sysbench CPU (8T, prime=20000): 4343.94 events/sec
   CPU Temp after Sysbench: 73.0°C

----------------------------------------------------------------------
[3/4] Running Storage Benchmarks (Samsung PM981a NVMe via FIO)...
----------------------------------------------------------------------
-> Test 3.1: Sequential Read (1MB block, QD32, direct I/O, 4GB)...
   Sequential Read: 2862.33 MB/s
-> Test 3.2: Sequential Write (1MB block, QD32, direct I/O, 4GB)...
   Sequential Write: 2172.94 MB/s
-> Test 3.3: Random 4K Read (QD32, direct I/O, 1GB, 30s runtime)...
   Random 4K Read IOPS (QD32): 197108 IOPS
-> Test 3.4: Random 4K Write (QD32, direct I/O, 1GB, 30s runtime)...
   Random 4K Write IOPS (QD32): 153771 IOPS
-> Test 3.5: Mixed 70/30 R/W 4K (QD16, direct I/O, 1GB, 20s runtime)...
   Mixed 70/30 4K IOPS: 69771 Read IOPS / 29930 Write IOPS
   NVMe Temp after I/O: 62.8°C

----------------------------------------------------------------------
[4/4] Running Thermal Sustained Load Test (stress-ng 60s)...
----------------------------------------------------------------------
   Pre-stress Temp: 62.8°C
   Peak Temp during stress: 78.5°C
   Cooldown Temp (after 15s): 63.8°C

======================================================================
BENCHMARK RUN SUCCESSFULLY COMPLETED!
Summary saved to: /home/orangepi/orangepi-5plus-benchmarks/results/system_benchmark_summary.json
======================================================================
